<html>
<body>
<pre>
<h1>µVision Build Log</h1>
<h2>Tool Versions:</h2>
IDE-Version: µVision V5.40.0.0
Copyright (C) 2024 ARM Ltd and ARM Germany GmbH. All rights reserved.
License Information: dat hdat8, dat, LIC=TIVNB-28LGL-WFAI7-E2M4X-GG990-PV7NF
 
Tool Versions:
Toolchain:       MDK-ARM Plus  Version: 5.40.0.3
Toolchain Path:  C:\Users\hdat8\AppData\Local\Keil_v5\ARM\ARMCLANG\Bin
C Compiler:      ArmClang.exe V6.22
Assembler:       Armasm.exe V6.22
Linker/Locator:  ArmLink.exe V6.22
Library Manager: ArmAr.exe V6.22
Hex Converter:   FromElf.exe V6.22
CPU DLL:         SARMCM3.DLL V5.40.0.3
Dialog DLL:      DCM.DLL V1.17.5.0
Target DLL:      STLink\ST-LINKIII-KEIL_SWO.dll V3.3.0.0
Dialog DLL:      TCM.DLL V1.56.4.0
 
<h2>Project:</h2>
E:\STM32_project\xedoline_v2\MDK-ARM\xedoline_v2.uvprojx
Project File Date:  09/19/2024

<h2>Output:</h2>
*** Using Compiler 'V6.22', folder: 'C:\Users\hdat8\AppData\Local\Keil_v5\ARM\ARMCLANG\Bin'
Build target 'xedoline_v2'
assembling startup_stm32f103xb.s...
compiling motor.c...
../mylib/user.c(68): warning: enumeration values 'TURN_LEFT_90' and 'END_TURN_LEFT_90' not handled in switch [-Wswitch]
   68 |                 switch (robot->state){
      |                         ^~~~~~~~~~~~
1 warning generated.
compiling user.c...
compiling main.c...
compiling adc.c...
linking...
Program Size: Code=16138 RO-data=302 RW-data=32 ZI-data=2080  
FromELF: creating hex file...
"xedoline_v2\xedoline_v2.axf" - 0 Error(s), 1 Warning(s).

<h2>Software Packages used:</h2>

Package Vendor: ARM
                https://www.keil.com/pack/ARM.CMSIS.6.1.0.pack
                ARM::CMSIS@6.1.0
                CMSIS (Common Microcontroller Software Interface Standard)
   * Component: CORE Version: 6.1.0

Package Vendor: Keil
                https://www.keil.com/pack/Keil.STM32F1xx_DFP.2.4.1.pack
                Keil::STM32F1xx_DFP@2.4.1
                STMicroelectronics STM32F1 Series Device Support, Drivers and Examples

<h2>Collection of Component include folders:</h2>
  ./RTE/_xedoline_v2
  C:/Users/hdat8/AppData/Local/Arm/Packs/ARM/CMSIS/6.1.0/CMSIS/Core/Include
  C:/Users/hdat8/AppData/Local/Arm/Packs/Keil/STM32F1xx_DFP/2.4.1/Device/Include

<h2>Collection of Component Files used:</h2>

   * Component: ARM::CMSIS:CORE@6.1.0
      Include file:  CMSIS/Core/Include/tz_context.h
Build Time Elapsed:  00:00:02
</pre>
</body>
</html>
